// Jest Snapshot v1, https://goo.gl/fbAQLP

exports[`Ticket Matches snapshot 1`] = `
<div
  className="ticket"
  data-testid="ticket"
>
  <div
    className="ticket-info"
  >
    <div
      className="ticket-price"
    >
      2 000
    </div>
    <img
      alt="XXX"
      src="http://pics.avs.io/99/36/XXX.png"
      style={
        Object {
          "height": "36px",
          "width": "100px",
        }
      }
    />
  </div>
  <div
    className="ticket-segment"
  >
    <div>
      <div
        className="ticket-segment-title"
      >
        YYY
         – 
        20
      </div>
      <div
        className="ticket-segment-body"
      >
        NaN:NaN
         – 
        NaN:NaN
      </div>
    </div>
    <div>
      <div
        className="ticket-segment-title"
      >
        В пути
      </div>
      <div
        className="ticket-segment-body"
      >
        1ч 40м
      </div>
    </div>
    <div>
      <div
        className="ticket-segment-title"
      >
        2
         
        пересадки
      </div>
      <div
        className="ticket-segment-body"
      >
        aaa, bbb
      </div>
    </div>
  </div>
</div>
`;
